// Jest Snapshot v1, https://goo.gl/fbAQLP

exports[`react 1`] = `
<div>
  aa
</div>
`;
